bstpp.__file__ = C:\Users\Terhi\Box\BSTPP_terhi\BSTPP-refactor\bstpp\__init__.py

--- E2 polygon ctor, explicit max_sigma
    user passed: min_sigma=0.05  max_sigma=0.5
    resolve_sigma_bounds(mode='polygon', min=0.05, max=0.5, crs=None) -> (0.05, 0.5)
    NumericalConfig.create(support_mode='polygon', min_sigma=0.05, max_sigma=0.5)
    resolve_sigma_bounds(mode='polygon', min=0.05, max=0.5, crs=None) -> (0.05, 0.5)
    NumericalConfig.create(support_mode='polygon', min_sigma=0.05, max_sigma=0.5)
    resolve_sigma_bounds(mode='polygon', min=0.05, max=0.5, crs=None) -> (0.05, 0.5)
    => config received the USER-SUPPLIED pair: True
    resulting cfg: min_sigma=0.05 max_sigma=0.5

--- E1 rectangle ctor, bounds omitted
    user passed: min_sigma=None  max_sigma=None
    resolve_sigma_bounds(mode='rectangle', min=None, max=None, crs=None) -> (None, None)
    NumericalConfig.create(support_mode='rectangle', min_sigma=None, max_sigma=None)
    resolve_sigma_bounds(mode='rectangle', min=None, max=None, crs=None) -> (None, None)
    => config received the USER-SUPPLIED pair: True

--- E4 set_window(window=) on the polygon model
    user passed: min_sigma=0.05  max_sigma=0.5
    resolve_sigma_bounds(mode='polygon', min=0.05, max=0.5, crs=None) -> (0.05, 0.5)

--- E3 set_window(spatial_window=, mass_table=)
    user passed: min_sigma=0.05  max_sigma=0.5
    resolve_sigma_bounds(mode='polygon', min=0.05, max=0.5, crs=None) -> (0.05, 0.5)
    NumericalConfig.create(support_mode='polygon', min_sigma=0.05, max_sigma=0.5)
    resolve_sigma_bounds(mode='polygon', min=0.05, max=0.5, crs=None) -> (0.05, 0.5)
    NumericalConfig.create(support_mode='polygon', min_sigma=0.05, max_sigma=0.5)
    resolve_sigma_bounds(mode='polygon', min=0.05, max=0.5, crs=None) -> (0.05, 0.5)
    resolve_sigma_bounds(mode='polygon', min=0.05, max=0.5, crs=None) -> (0.05, 0.5)
    NumericalConfig.create(support_mode='polygon', min_sigma=0.05, max_sigma=0.5)
    resolve_sigma_bounds(mode='polygon', min=0.05, max=0.5, crs=None) -> (0.05, 0.5)
    => config received the USER-SUPPLIED pair: True
    E3 accepted; cfg: min_sigma=0.05 max_sigma=0.5
  0%|          | 0/200 [00:00<?, ?it/s]  0%|          | 1/200 [00:03<10:28,  3.16s/it]100%|##########| 200/200 [00:03<00:00, 61.50it/s, init loss: 30.0870, avg. loss [191-200]: 22.5395]
C:\Users\Terhi\Box\BSTPP_terhi\BSTPP-refactor\bstpp\main.py:680: UserWarning: Posterior sigma 95th percentile (0.470991) is within 90% of max_sigma (0.5). Sigma may be weakly identified; consider increasing max_sigma and rebuilding the polygon-mass table.
  warn_if_sigma_near_bound(
Number of posterior samples: 20
Number of pairs: 12

SVI elapsed time: 21.965507984161377

--- E5 log_expected_likelihood(mass_table=)
    user passed: min_sigma=0.05  max_sigma=0.5
    resolve_sigma_bounds(mode='polygon', min=0.05, max=0.5, crs=None) -> (0.05, 0.5)
    E5 returned -18.936195373535156

--- E2 polygon ctor, max_sigma OMITTED, projected CRS
    user passed: min_sigma=1000.0  max_sigma=None
    resolve_sigma_bounds(mode='polygon', min=1000.0, max=None, crs=projected) -> (1000.0, 5000.0)
    NumericalConfig.create(support_mode='polygon', min_sigma=1000.0, max_sigma=5000.0)
    resolve_sigma_bounds(mode='polygon', min=1000.0, max=None, crs=projected) -> (1000.0, 5000.0)
    NumericalConfig.create(support_mode='polygon', min_sigma=1000.0, max_sigma=5000.0)
    resolve_sigma_bounds(mode='polygon', min=1000.0, max=None, crs=projected) -> (1000.0, 5000.0)
    => config received the USER-SUPPLIED pair: False
    resulting cfg: min_sigma=1000.0 max_sigma=5000.0
    => the config's stored max_sigma is the DEFAULTED value, not the user's None
