[sbc] r=   0  n= 289  L=127  raw=508  minESS=190.0  div=0  21.9s
[sbc] r=   1  n= 303  L=127  raw=508  minESS=199.1  div=0  11.7s
[sbc] r=   2  n= 132  L=127  raw=508  minESS=240.8  div=0  11.3s
[sbc] r=   3  n=  81  L=127  raw=508  minESS=261.2  div=0  11.1s
[sbc] r=   4  n=  92  L=127  raw=508  minESS=191.6  div=0  11.1s
[sbc] r=   5  n= 131  L=127  raw=508  minESS=291.3  div=0  11.6s
[sbc] r=   6  n= 157  L=127  raw=508  minESS=239.1  div=0  11.7s
[sbc] r=   7  n= 307  L=127  raw=508  minESS=247.4  div=0  12.6s
[sbc] r=   8  n= 109  L=127  raw=508  minESS=221.4  div=0  9.7s
[sbc] r=   9  n=1214  L=127  raw=508  minESS=195.6  div=0  6.4s
[sbc] r=  10  n=  29  L=127  raw=508  minESS=285.0  div=0  5.0s
[sbc] r=  11  n=  47  L=127  raw=508  minESS=280.4  div=0  5.3s
[sbc] r=  12  n= 136  L=127  raw=508  minESS=318.6  div=0  5.1s
[sbc] r=  13  n= 109  L=127  raw=508  minESS=271.4  div=0  5.1s
[sbc] r=  14  n= 357  L=127  raw=508  minESS=317.6  div=0  5.4s
[sbc] r=  15  n=  23  L=127  raw=508  minESS=321.8  div=0  4.8s
[sbc] r=  16  n=  79  L=127  raw=508  minESS=227.8  div=0  5.0s
[sbc] r=  17  n= 112  L=127  raw=508  minESS=255.5  div=0  5.2s
[sbc] r=  18  n=  74  L=127  raw=508  minESS=209.2  div=0  6.3s
[sbc] r=  19  n= 384  L=127  raw=508  minESS=279.1  div=0  5.2s
[sbc] r=  20  n=  45  L=127  raw=508  minESS=324.2  div=0  5.0s
[sbc] r=  21  n=  84  L=127  raw=508  minESS=303.4  div=0  6.8s
[sbc] r=  22  n=  37  L=127  raw=508  minESS=272.1  div=0  5.5s
[sbc] r=  23  n=  52  L=127  raw=508  minESS=206.5  div=0  5.3s
[sbc] r=  24  n= 162  L=127  raw=508  minESS=212.5  div=0  4.9s
[sbc] r=  25  n=  72  L=127  raw=508  minESS=237.8  div=0  5.0s
[sbc] r=  26  n=  18  L=127  raw=508  minESS=171.9  div=0  5.1s
[sbc] r=  27  n= 358  L=127  raw=508  minESS=185.2  div=0  5.2s
[sbc] r=  28  n= 246  L=127  raw=508  minESS=342.1  div=0  5.5s
[sbc] r=  29  n=  94  L=127  raw=508  minESS=266.7  div=0  5.0s
[sbc] r=  30  n=  62  L=127  raw=508  minESS=281.7  div=0  5.1s
[sbc] r=  31  n=   7  L=127  raw=508  minESS=277.3  div=0  4.7s
[sbc] r=  32  n= 297  L=127  raw=508  minESS=266.9  div=0  5.2s
[sbc] r=  33  n=  57  L=127  raw=508  minESS=252.6  div=0  5.3s
[sbc] r=  34  n=  95  L=127  raw=508  minESS=240.2  div=0  5.3s
[sbc] r=  35  n= 101  L=127  raw=508  minESS=298.2  div=0  5.9s
[sbc] r=  36  n= 319  L=127  raw=508  minESS=281.0  div=0  5.5s
[sbc] r=  37  n= 200  L=127  raw=508  minESS=270.1  div=0  5.2s
[sbc] r=  38  n= 305  L=127  raw=508  minESS=242.1  div=0  5.8s
[sbc] r=  39  n=  57  L=127  raw=508  minESS=171.3  div=0  4.3s
[sbc] r=  40  n= 213  L=127  raw=508  minESS=266.3  div=0  5.8s
[sbc] r=  41  n=  87  L=127  raw=508  minESS=247.0  div=0  5.0s
[sbc] r=  42  n= 377  L=127  raw=508  minESS=248.9  div=0  5.6s
[sbc] r=  43  n= 108  L=127  raw=508  minESS=212.6  div=0  5.4s
[sbc] r=  44  n= 116  L=127  raw=508  minESS=289.9  div=0  5.3s
[sbc] r=  45  n= 125  L=127  raw=508  minESS=306.3  div=0  5.2s
[sbc] r=  46  n= 112  L=127  raw=508  minESS=213.9  div=0  4.7s
[sbc] r=  47  n= 581  L=127  raw=508  minESS=257.8  div=0  5.6s
[sbc] r=  48  n= 140  L=127  raw=508  minESS=316.9  div=0  6.3s
[sbc] r=  49  n= 113  L=127  raw=508  minESS=230.5  div=0  7.2s
[sbc] r=  50  n= 286  L=127  raw=508  minESS=199.4  div=0  5.7s
[sbc] r=  51  n=1206  L=127  raw=508  minESS=318.9  div=0  6.6s
[sbc] r=  52  n=  55  L=127  raw=508  minESS=263.1  div=0  5.4s
[sbc] r=  53  n=  96  L=127  raw=508  minESS=281.8  div=0  5.7s
[sbc] r=  54  n= 165  L=127  raw=508  minESS=230.7  div=0  7.1s
[sbc] r=  55  n= 225  L=127  raw=508  minESS=300.3  div=0  6.7s
[sbc] r=  56  n= 234  L=127  raw=508  minESS=252.2  div=0  6.0s
[sbc] r=  57  n= 181  L=127  raw=508  minESS=244.5  div=0  5.3s
[sbc] r=  58  n=  68  L=127  raw=508  minESS=249.9  div=0  6.2s
[sbc] r=  59  n=  31  L=127  raw=508  minESS=200.2  div=0  6.1s
[sbc] r=  60  n=  32  L=127  raw=508  minESS=310.2  div=0  5.1s
[sbc] r=  61  n= 143  L=127  raw=508  minESS=241.1  div=0  5.2s
[sbc] r=  62  n=  23  L=127  raw=508  minESS=270.2  div=0  4.7s
[sbc] r=  63  n= 412  L=127  raw=508  minESS=296.4  div=0  7.1s
[sbc] r=  64  n=  59  L=127  raw=508  minESS=246.4  div=0  7.6s
[sbc] r=  65  n=  96  L=127  raw=508  minESS=300.5  div=0  4.7s
[sbc] r=  66  n= 247  L=127  raw=508  minESS=301.9  div=0  5.7s
[sbc] r=  67  n=  73  L=127  raw=508  minESS=261.2  div=0  5.2s
[sbc] r=  68  n= 128  L=127  raw=508  minESS=205.2  div=0  5.5s
[sbc] r=  69  n=  37  L=127  raw=508  minESS=239.8  div=0  6.1s
[sbc] r=  70  n= 144  L=127  raw=508  minESS=251.4  div=0  6.0s
[sbc] r=  71  n= 200  L=127  raw=508  minESS=240.4  div=0  6.4s
[sbc] r=  72  n= 123  L=127  raw=508  minESS=267.2  div=0  6.9s
[sbc] r=  73  n=  99  L=127  raw=508  minESS=265.6  div=0  7.2s
[sbc] r=  74  n= 264  L=127  raw=508  minESS=226.9  div=0  10.2s
[sbc] r=  75  n= 112  L=127  raw=508  minESS=221.5  div=0  6.3s
[sbc] r=  76  n= 257  L=127  raw=508  minESS=248.9  div=0  5.7s
[sbc] r=  77  n= 463  L=127  raw=508  minESS=264.8  div=0  6.1s
[sbc] r=  78  n=  41  L=127  raw=508  minESS=166.6  div=0  5.3s
[sbc] r=  79  n=  72  L=127  raw=508  minESS=303.2  div=0  5.1s
[sbc] r=  80  n=  98  L=127  raw=508  minESS=216.7  div=0  5.4s
[sbc] r=  81  n=  66  L=127  raw=508  minESS=192.5  div=0  5.3s
[sbc] r=  82  n=  41  L=127  raw=508  minESS=261.7  div=0  4.5s
[sbc] r=  83  n= 456  L=127  raw=508  minESS=236.5  div=0  6.0s
[sbc] r=  84  n=  87  L=127  raw=508  minESS=210.1  div=0  5.2s
[sbc] r=  85  n=  37  L=127  raw=508  minESS=298.6  div=0  4.9s
[sbc] r=  86  n=  24  L=127  raw=508  minESS=232.9  div=0  5.7s
[sbc] r=  87  n=  19  L=127  raw=508  minESS=262.2  div=0  5.4s
[sbc] r=  88  n= 135  L=127  raw=508  minESS=216.6  div=0  5.3s
[sbc] r=  89  n=  99  L=127  raw=508  minESS=257.9  div=0  6.2s
[sbc] r=  90  n=  96  L=127  raw=508  minESS=319.6  div=0  5.1s
[sbc] r=  91  n=  61  L=127  raw=508  minESS=277.3  div=0  6.9s
[sbc] r=  92  n=  21  L=127  raw=508  minESS=279.6  div=0  5.6s
[sbc] r=  93  n= 118  L=127  raw=508  minESS=229.6  div=0  6.6s
[sbc] r=  94  n=  76  L=127  raw=508  minESS=196.9  div=0  13.7s
[sbc] r=  95  n=  30  L=127  raw=508  minESS=281.7  div=0  12.7s
[sbc] r=  96  n= 234  L=127  raw=508  minESS=251.5  div=0  5.2s
[sbc] r=  97  n= 168  L=127  raw=508  minESS=249.1  div=0  5.1s
[sbc] r=  98  n=  96  L=127  raw=508  minESS=291.1  div=0  4.8s
[sbc] r=  99  n=  71  L=127  raw=508  minESS=156.9  div=0  6.4s
[sbc] r= 100  n= 264  L=127  raw=508  minESS=223.0  div=0  4.7s
[sbc] r= 101  n= 554  L=127  raw=508  minESS=237.3  div=0  5.5s
[sbc] r= 102  n=  59  L=127  raw=508  minESS=272.6  div=0  4.6s
[sbc] r= 103  n= 217  L=127  raw=508  minESS=206.4  div=0  5.5s
[sbc] r= 104  n= 231  L=127  raw=508  minESS=173.2  div=0  7.1s
[sbc] r= 105  n= 153  L=127  raw=508  minESS=309.0  div=0  5.6s
[sbc] r= 106  n= 263  L=127  raw=508  minESS=273.8  div=0  5.6s
[sbc] r= 107  n= 210  L=127  raw=508  minESS=191.9  div=0  5.5s
[sbc] r= 108  n= 138  L=127  raw=508  minESS=254.2  div=0  5.4s
[sbc] r= 109  n=  91  L=127  raw=508  minESS=278.6  div=0  5.8s
[sbc] r= 110  n=  42  L=127  raw=508  minESS=217.3  div=0  7.0s
[sbc] r= 111  n= 141  L=127  raw=508  minESS=277.2  div=0  5.4s
[sbc] r= 112  n= 185  L=127  raw=508  minESS=158.3  div=0  5.9s
[sbc] r= 113  n=  17  L=127  raw=508  minESS=230.0  div=0  5.4s
[sbc] r= 114  n=  58  L=127  raw=508  minESS=189.9  div=0  5.2s
[sbc] r= 115  n=  92  L=127  raw=508  minESS=229.6  div=0  5.0s
[sbc] r= 116  n= 378  L=127  raw=508  minESS=234.6  div=0  8.2s
[sbc] r= 117  n= 129  L=127  raw=508  minESS=261.2  div=0  12.9s
[sbc] r= 118  n= 418  L=127  raw=508  minESS=251.6  div=0  13.1s
[sbc] r= 119  n= 168  L=127  raw=508  minESS=268.6  div=0  10.4s
[sbc] r= 120  n= 278  L=127  raw=508  minESS=249.5  div=0  12.6s
[sbc] r= 121  n=  91  L=127  raw=508  minESS=263.3  div=0  10.3s
[sbc] r= 122  n=  73  L=127  raw=508  minESS=269.1  div=0  11.8s
[sbc] r= 123  n= 972  L=127  raw=508  minESS=264.9  div=0  13.7s
[sbc] r= 124  n=  15  L=127  raw=508  minESS=221.4  div=0  11.6s
[sbc] r= 125  n=  26  L=127  raw=508  minESS=238.2  div=0  11.1s
[sbc] r= 126  n= 236  L=127  raw=508  minESS=291.9  div=0  11.9s
[sbc] r= 127  n=  39  L=127  raw=508  minESS=200.9  div=0  12.8s
[sbc] r= 128  n= 103  L=127  raw=508  minESS=285.5  div=0  13.6s
[sbc] r= 129  n=  50  L=127  raw=508  minESS=285.0  div=0  10.7s
[sbc] r= 130  n=  17  L=127  raw=508  minESS=256.5  div=0  10.0s
[sbc] r= 131  n= 195  L=127  raw=508  minESS=235.6  div=0  12.3s
[sbc] r= 132  n=  28  L=127  raw=508  minESS=306.4  div=0  13.2s
[sbc] r= 133  n=  74  L=127  raw=508  minESS=241.9  div=0  10.4s
[sbc] r= 134  n=  79  L=127  raw=508  minESS=259.3  div=0  11.1s
[sbc] r= 135  n=  38  L=127  raw=508  minESS=248.8  div=0  13.4s
[sbc] r= 136  n=2219  L=127  raw=508  minESS=224.4  div=0  16.4s
[sbc] r= 137  n=  51  L=127  raw=508  minESS=258.2  div=0  12.4s
[sbc] r= 138  n= 170  L=127  raw=508  minESS=318.8  div=0  11.9s
[sbc] r= 139  n= 252  L=127  raw=508  minESS=268.4  div=0  12.2s
[sbc] r= 140  n=  13  L=127  raw=508  minESS=270.4  div=0  11.5s
[sbc] r= 141  n= 270  L=127  raw=508  minESS=311.7  div=0  12.3s
[sbc] r= 142  n= 213  L=127  raw=508  minESS=223.7  div=0  12.0s
[sbc] r= 143  n= 133  L=127  raw=508  minESS=257.9  div=0  12.3s
[sbc] r= 144  n= 713  L=127  raw=508  minESS=213.8  div=0  12.7s
[sbc] r= 145  n=  32  L=127  raw=508  minESS=214.3  div=0  10.1s
[sbc] r= 146  n=  99  L=127  raw=508  minESS=194.6  div=0  11.7s
[sbc] r= 147  n=  88  L=127  raw=508  minESS=305.5  div=0  13.8s
[sbc] r= 148  n= 340  L=127  raw=508  minESS=226.9  div=0  12.5s
[sbc] r= 149  n= 128  L=127  raw=508  minESS=196.6  div=0  10.5s
[sbc] r= 150  n= 137  L=127  raw=508  minESS=266.0  div=0  11.8s
[sbc] r= 151  n= 207  L=127  raw=508  minESS=279.6  div=0  12.5s
[sbc] r= 152  n=  73  L=127  raw=508  minESS=291.1  div=0  12.4s
[sbc] r= 153  n= 160  L=127  raw=508  minESS=226.8  div=0  14.7s
[sbc] r= 154  n= 181  L=127  raw=508  minESS=248.8  div=0  10.9s
[sbc] r= 155  n=  97  L=127  raw=508  minESS=242.2  div=0  12.2s
[sbc] r= 156  n= 183  L=127  raw=508  minESS=232.2  div=0  11.8s
[sbc] r= 157  n= 255  L=127  raw=508  minESS=216.9  div=0  13.6s
[sbc] r= 158  n= 327  L=127  raw=508  minESS=234.7  div=0  13.0s
[sbc] r= 159  n=  61  L=127  raw=508  minESS=277.2  div=0  10.1s
[sbc] r= 160  n=  53  L=127  raw=508  minESS=223.9  div=0  12.8s
[sbc] r= 161  n= 252  L=127  raw=508  minESS=244.8  div=0  10.8s
[sbc] r= 162  n= 315  L=127  raw=508  minESS=199.4  div=0  13.4s
[sbc] r= 163  n= 105  L=127  raw=508  minESS=196.5  div=0  12.9s
[sbc] r= 164  n= 103  L=127  raw=508  minESS=282.3  div=0  11.2s
[sbc] r= 165  n=  81  L=127  raw=508  minESS=239.5  div=0  10.8s
[sbc] r= 166  n=1073  L=127  raw=508  minESS=316.6  div=0  14.0s
[sbc] r= 167  n= 103  L=127  raw=508  minESS=250.8  div=0  12.2s
[sbc] r= 168  n=  50  L=127  raw=508  minESS=254.9  div=0  11.3s
[sbc] r= 169  n= 174  L=127  raw=508  minESS=198.6  div=0  11.8s
[sbc] r= 170  n=  83  L=127  raw=508  minESS=312.2  div=0  11.7s
[sbc] r= 171  n= 216  L=127  raw=508  minESS=252.6  div=0  12.2s
[sbc] r= 172  n= 155  L=127  raw=508  minESS=243.7  div=0  12.7s
[sbc] r= 173  n=  69  L=127  raw=508  minESS=263.8  div=0  13.1s
[sbc] r= 174  n= 142  L=127  raw=508  minESS=196.5  div=0  12.2s
[sbc] r= 175  n=  74  L=127  raw=508  minESS=273.7  div=0  10.4s
[sbc] r= 176  n=  34  L=127  raw=508  minESS=253.3  div=0  11.9s
[sbc] r= 177  n=  90  L=127  raw=508  minESS=268.2  div=0  12.3s
[sbc] r= 178  n= 128  L=127  raw=508  minESS=256.1  div=0  10.8s
[sbc] r= 179  n= 318  L=127  raw=508  minESS=269.8  div=0  12.2s
[sbc] r= 180  n= 532  L=127  raw=508  minESS=235.6  div=0  10.1s
[sbc] r= 181  n= 447  L=127  raw=508  minESS=195.6  div=0  16.7s
[sbc] r= 182  n= 413  L=127  raw=508  minESS=208.7  div=0  49.5s
[sbc] r= 183  n=  13  L=127  raw=508  minESS=161.8  div=0  12.6s
[sbc] r= 184  n= 151  L=127  raw=508  minESS=192.0  div=0  15.7s
[sbc] r= 185  n= 220  L=127  raw=508  minESS=270.8  div=0  17.9s
[sbc] r= 186  n=  46  L=127  raw=508  minESS=261.2  div=0  14.0s
[sbc] r= 187  n= 444  L=127  raw=508  minESS=207.6  div=0  15.5s
[sbc] r= 188  n=  58  L=127  raw=508  minESS=268.6  div=0  13.9s
[sbc] r= 189  n= 195  L=127  raw=508  minESS=231.4  div=0  12.3s
[sbc] r= 190  n= 154  L=127  raw=508  minESS=254.7  div=0  13.0s
[sbc] r= 191  n= 606  L=127  raw=508  minESS=293.3  div=0  13.6s
[sbc] r= 192  n=  61  L=127  raw=508  minESS=243.4  div=0  10.4s
[sbc] r= 193  n=  53  L=127  raw=508  minESS=275.1  div=0  12.3s
[sbc] r= 194  n= 258  L=127  raw=508  minESS=342.0  div=0  13.5s
[sbc] r= 195  n=  60  L=127  raw=508  minESS=205.1  div=0  12.5s
[sbc] r= 196  n= 510  L=127  raw=508  minESS=247.7  div=0  12.7s
[sbc] r= 197  n= 269  L=127  raw=508  minESS=229.9  div=0  12.8s
[sbc] r= 198  n= 358  L=127  raw=508  minESS=330.0  div=0  11.7s
[sbc] r= 199  n=1443  L=127  raw=508  minESS=312.8  div=0  17.8s
[sbc] r= 200  n=  79  L=127  raw=508  minESS=268.4  div=0  18.8s
[sbc] r= 201  n= 691  L=127  raw=508  minESS=252.4  div=0  17.2s
[sbc] r= 202  n=  25  L=127  raw=508  minESS=227.1  div=0  14.6s
[sbc] r= 203  n=  72  L=127  raw=508  minESS=290.0  div=0  12.0s
[sbc] r= 204  n= 271  L=127  raw=508  minESS=324.7  div=0  12.7s
[sbc] r= 205  n=  18  L=127  raw=508  minESS=285.0  div=0  10.4s
[sbc] r= 206  n= 294  L=127  raw=508  minESS=266.8  div=0  13.1s
[sbc] r= 207  n=  47  L=127  raw=508  minESS=203.6  div=0  11.4s
[sbc] r= 208  n=  86  L=127  raw=508  minESS=269.5  div=0  14.4s
[sbc] r= 209  n=  56  L=127  raw=508  minESS=247.3  div=0  12.3s
[sbc] r= 210  n= 152  L=127  raw=508  minESS=272.5  div=0  12.1s
[sbc] r= 211  n= 870  L=127  raw=508  minESS=303.2  div=0  13.1s
[sbc] r= 212  n= 129  L=127  raw=508  minESS=259.6  div=0  11.3s
[sbc] r= 213  n=  28  L=127  raw=508  minESS=239.2  div=0  10.9s
[sbc] r= 214  n=  46  L=127  raw=508  minESS=209.2  div=0  10.2s
[sbc] r= 215  n= 328  L=127  raw=508  minESS=212.4  div=0  12.8s
[sbc] r= 216  n= 118  L=127  raw=508  minESS=292.3  div=0  11.1s
[sbc] r= 217  n=  57  L=127  raw=508  minESS=275.8  div=0  11.8s
[sbc] r= 218  n=  37  L=127  raw=508  minESS=298.6  div=0  10.9s
[sbc] r= 219  n= 196  L=127  raw=508  minESS=271.8  div=0  12.8s
[sbc] r= 220  n= 135  L=127  raw=508  minESS=218.3  div=0  11.2s
[sbc] r= 221  n=  38  L=127  raw=508  minESS=279.1  div=0  10.7s
[sbc] r= 222  n= 603  L=127  raw=508  minESS=232.2  div=0  13.0s
[sbc] r= 223  n= 619  L=127  raw=508  minESS=197.7  div=0  13.2s
[sbc] r= 224  n= 224  L=127  raw=508  minESS=149.2  div=0  12.7s
[sbc] r= 225  n= 129  L=127  raw=508  minESS=290.2  div=0  10.3s
[sbc] r= 226  n=  88  L=127  raw=508  minESS=308.7  div=0  11.5s
[sbc] r= 227  n= 246  L=127  raw=508  minESS=238.3  div=0  11.5s
[sbc] r= 228  n= 134  L=127  raw=508  minESS=222.4  div=0  12.9s
[sbc] r= 229  n= 445  L=127  raw=508  minESS=257.7  div=0  13.6s
[sbc] r= 230  n=  53  L=127  raw=508  minESS=295.7  div=0  12.4s
[sbc] r= 231  n=  80  L=127  raw=508  minESS=209.4  div=0  14.6s
[sbc] r= 232  n= 552  L=127  raw=508  minESS=289.2  div=0  13.6s
[sbc] r= 233  n=  94  L=127  raw=508  minESS=217.2  div=0  12.4s
[sbc] r= 234  n=  72  L=127  raw=508  minESS=172.6  div=0  15.0s
[sbc] r= 235  n=  75  L=127  raw=508  minESS=204.8  div=0  13.3s
[sbc] r= 236  n= 190  L=127  raw=508  minESS=252.5  div=0  12.8s
[sbc] r= 237  n= 402  L=127  raw=508  minESS=324.6  div=0  14.3s
[sbc] r= 238  n= 342  L=127  raw=508  minESS=308.1  div=0  13.2s
[sbc] r= 239  n= 118  L=127  raw=508  minESS=221.0  div=0  11.2s
[sbc] r= 240  n= 338  L=127  raw=508  minESS=244.5  div=0  13.9s
[sbc] r= 241  n=  28  L=127  raw=508  minESS=263.5  div=0  10.8s
[sbc] r= 242  n=  68  L=127  raw=508  minESS=269.9  div=0  11.0s
[sbc] r= 243  n=  78  L=127  raw=508  minESS=197.1  div=0  11.8s
[sbc] r= 244  n=  42  L=127  raw=508  minESS=281.0  div=0  11.7s
[sbc] r= 245  n= 147  L=127  raw=508  minESS=323.6  div=0  12.5s
[sbc] r= 246  n=  49  L=127  raw=508  minESS=258.2  div=0  12.1s
[sbc] r= 247  n=  50  L=127  raw=508  minESS=282.4  div=0  10.3s
[sbc] r= 248  n=  69  L=127  raw=508  minESS=281.3  div=0  11.1s
[sbc] r= 249  n=  72  L=127  raw=508  minESS=236.5  div=0  10.8s
[sbc] r= 250  n=  19  L=127  raw=508  minESS=283.1  div=0  11.2s
[sbc] r= 251  n= 872  L=127  raw=508  minESS=190.5  div=0  14.0s
[sbc] r= 252  n= 222  L=127  raw=508  minESS=284.9  div=0  13.3s
[sbc] r= 253  n= 110  L=127  raw=508  minESS=277.8  div=0  11.8s
[sbc] r= 254  n=  38  L=127  raw=508  minESS=297.6  div=0  9.8s
[sbc] r= 255  n=  78  L=127  raw=508  minESS=279.4  div=0  11.2s
[sbc] r= 256  n= 140  L=127  raw=508  minESS=245.3  div=0  11.1s
[sbc] r= 257  n= 162  L=127  raw=508  minESS=230.9  div=0  11.8s
[sbc] r= 258  n=  57  L=127  raw=508  minESS=281.9  div=0  9.9s
[sbc] r= 259  n=  41  L=127  raw=508  minESS=241.2  div=0  10.6s
[sbc] r= 260  n=  73  L=127  raw=508  minESS=262.0  div=0  11.6s
[sbc] r= 261  n=  44  L=127  raw=508  minESS=245.7  div=0  12.0s
[sbc] r= 262  n= 102  L=127  raw=508  minESS=276.3  div=0  13.0s
[sbc] r= 263  n= 140  L=127  raw=508  minESS=252.2  div=0  13.8s
[sbc] r= 264  n=  77  L=127  raw=508  minESS=285.0  div=0  14.1s
[sbc] r= 265  n=  45  L=127  raw=508  minESS=285.0  div=0  12.5s
[sbc] r= 266  n= 638  L=127  raw=508  minESS=203.6  div=0  17.8s
[sbc] r= 267  n= 193  L=127  raw=508  minESS=302.4  div=0  17.3s
[sbc] r= 268  n=  85  L=127  raw=508  minESS=236.9  div=0  15.0s
[sbc] r= 269  n= 643  L=127  raw=508  minESS=240.0  div=0  16.2s
[sbc] r= 270  n= 171  L=127  raw=508  minESS=269.0  div=0  14.9s
[sbc] r= 271  n= 119  L=127  raw=508  minESS=256.3  div=0  14.1s
[sbc] r= 272  n= 121  L=127  raw=508  minESS=252.8  div=0  14.8s
[sbc] r= 273  n=  42  L=127  raw=508  minESS=279.9  div=0  11.7s
[sbc] r= 274  n= 448  L=127  raw=508  minESS=249.4  div=0  16.2s
[sbc] r= 275  n= 332  L=127  raw=508  minESS=265.6  div=0  15.2s
[sbc] r= 276  n=  52  L=127  raw=508  minESS=185.8  div=0  13.8s
[sbc] r= 277  n= 439  L=127  raw=508  minESS=248.5  div=0  15.3s
[sbc] r= 278  n=  37  L=127  raw=508  minESS=279.4  div=0  12.8s
[sbc] r= 279  n= 343  L=127  raw=508  minESS=289.2  div=0  16.0s
[sbc] r= 280  n= 159  L=127  raw=508  minESS=255.4  div=0  14.4s
[sbc] r= 281  n= 132  L=127  raw=508  minESS=233.0  div=0  12.5s
[sbc] r= 282  n= 249  L=127  raw=508  minESS=251.7  div=0  15.7s
[sbc] r= 283  n= 380  L=127  raw=508  minESS=225.4  div=0  16.6s
[sbc] r= 284  n=  87  L=127  raw=508  minESS=254.7  div=0  12.5s
[sbc] r= 285  n= 222  L=127  raw=508  minESS=223.4  div=0  13.8s
[sbc] r= 286  n= 183  L=127  raw=508  minESS=158.2  div=0  15.4s
[sbc] r= 287  n=  37  L=127  raw=508  minESS=225.1  div=0  13.9s
[sbc] r= 288  n= 193  L=127  raw=508  minESS=266.9  div=0  13.2s
[sbc] r= 289  n= 107  L=127  raw=508  minESS=290.7  div=0  14.9s
[sbc] r= 290  n=  79  L=127  raw=508  minESS=241.2  div=0  12.8s
[sbc] r= 291  n= 282  L=127  raw=508  minESS=279.9  div=0  14.9s
[sbc] r= 292  n= 101  L=127  raw=508  minESS=279.2  div=0  14.6s
[sbc] r= 293  n=  41  L=127  raw=508  minESS=252.7  div=0  15.4s
[sbc] r= 294  n= 226  L=127  raw=508  minESS=250.8  div=0  20.8s
[sbc] r= 295  n= 637  L=127  raw=508  minESS=274.1  div=0  17.7s
[sbc] r= 296  n=  80  L=127  raw=508  minESS=155.5  div=0  11.9s
[sbc] r= 297  n=  61  L=127  raw=508  minESS=184.7  div=0  12.1s
[sbc] r= 298  n= 532  L=127  raw=508  minESS=324.6  div=0  11.3s
[sbc] r= 299  n=  81  L=127  raw=508  minESS=251.2  div=0  12.0s
[sbc] r= 300  n= 795  L=127  raw=508  minESS=221.4  div=0  15.1s
[sbc] r= 301  n= 231  L=127  raw=508  minESS=247.8  div=0  12.7s
[sbc] r= 302  n= 174  L=127  raw=508  minESS=289.0  div=0  10.8s
[sbc] r= 303  n=  14  L=127  raw=508  minESS=246.1  div=0  12.6s
[sbc] r= 304  n=  30  L=127  raw=508  minESS=286.1  div=0  11.6s
[sbc] r= 305  n= 233  L=127  raw=508  minESS=205.0  div=0  12.7s
[sbc] r= 306  n=  13  L=127  raw=508  minESS=221.8  div=0  11.2s
[sbc] r= 307  n=  65  L=127  raw=508  minESS=304.3  div=0  12.3s
[sbc] r= 308  n= 529  L=127  raw=508  minESS=304.3  div=0  13.2s
[sbc] r= 309  n=1322  L=127  raw=508  minESS=203.7  div=0  16.4s
[sbc] r= 310  n=  66  L=127  raw=508  minESS=281.2  div=0  10.6s
[sbc] r= 311  n=2264  L=127  raw=508  minESS=211.7  div=0  16.3s
[sbc] r= 312  n= 222  L=127  raw=508  minESS=217.4  div=0  10.3s
[sbc] r= 313  n=  31  L=127  raw=508  minESS=288.3  div=0  11.4s
[sbc] r= 314  n=  41  L=127  raw=508  minESS=234.8  div=0  12.7s
[sbc] r= 315  n=  23  L=127  raw=508  minESS=268.8  div=0  10.9s
[sbc] r= 316  n= 522  L=127  raw=508  minESS=211.4  div=0  13.3s
[sbc] r= 317  n= 108  L=127  raw=508  minESS=232.2  div=0  11.4s
[sbc] r= 318  n=  23  L=127  raw=508  minESS=286.0  div=0  10.2s
[sbc] r= 319  n=  63  L=127  raw=508  minESS=206.7  div=0  12.1s
[sbc] r= 320  n=  71  L=127  raw=508  minESS=288.7  div=0  11.1s
[sbc] r= 321  n= 248  L=127  raw=508  minESS=311.8  div=0  15.1s
[sbc] r= 322  n=  27  L=127  raw=508  minESS=250.0  div=0  12.3s
[sbc] r= 323  n=  94  L=127  raw=508  minESS=229.4  div=0  10.9s
[sbc] r= 324  n= 181  L=127  raw=508  minESS=281.5  div=0  11.1s
[sbc] r= 325  n= 436  L=127  raw=508  minESS=291.6  div=0  13.5s
[sbc] r= 326  n= 105  L=127  raw=508  minESS=291.3  div=0  12.7s
[sbc] r= 327  n=  94  L=127  raw=508  minESS=257.8  div=0  11.4s
[sbc] r= 328  n=  62  L=127  raw=508  minESS=292.8  div=0  11.2s
[sbc] r= 329  n=  24  L=127  raw=508  minESS=290.2  div=0  11.4s
[sbc] r= 330  n= 263  L=127  raw=508  minESS=230.4  div=0  15.6s
[sbc] r= 331  n= 110  L=127  raw=508  minESS=285.2  div=0  10.4s
[sbc] r= 332  n= 102  L=127  raw=508  minESS=281.0  div=0  11.0s
[sbc] r= 333  n=  57  L=127  raw=508  minESS=303.8  div=0  10.9s
[sbc] r= 334  n= 361  L=127  raw=508  minESS=295.2  div=0  13.8s
[sbc] r= 335  n= 415  L=127  raw=508  minESS=233.8  div=0  14.5s
[sbc] r= 336  n= 102  L=127  raw=508  minESS=285.0  div=0  10.1s
[sbc] r= 337  n=  43  L=127  raw=508  minESS=303.2  div=0  12.8s
[sbc] r= 338  n= 157  L=127  raw=508  minESS=255.2  div=0  11.2s
[sbc] r= 339  n= 125  L=127  raw=508  minESS=251.5  div=0  11.0s
[sbc] r= 340  n=  22  L=127  raw=508  minESS=240.3  div=0  12.2s
[sbc] r= 341  n= 114  L=127  raw=508  minESS=233.0  div=0  13.6s
[sbc] r= 342  n=  20  L=127  raw=508  minESS=209.4  div=0  13.3s
[sbc] r= 343  n= 225  L=127  raw=508  minESS=255.6  div=0  12.2s
[sbc] r= 344  n=  55  L=127  raw=508  minESS=243.4  div=0  11.1s
[sbc] r= 345  n=  78  L=127  raw=508  minESS=307.2  div=0  10.8s
[sbc] r= 346  n= 104  L=127  raw=508  minESS=209.9  div=0  13.9s
[sbc] r= 347  n= 122  L=127  raw=508  minESS=152.2  div=0  15.1s
[sbc] r= 348  n=  12  L=127  raw=508  minESS=278.4  div=0  13.1s
[sbc] r= 349  n= 152  L=127  raw=508  minESS=237.5  div=0  11.4s
[sbc] r= 350  n=1021  L=127  raw=508  minESS=246.7  div=0  15.8s
[sbc] r= 351  n= 144  L=127  raw=508  minESS=282.9  div=0  11.9s
[sbc] r= 352  n= 316  L=127  raw=508  minESS=182.2  div=0  14.1s
[sbc] r= 353  n=  35  L=127  raw=508  minESS=224.1  div=0  12.1s
[sbc] r= 354  n=  79  L=127  raw=508  minESS=298.6  div=0  10.7s
[sbc] r= 355  n=  51  L=127  raw=508  minESS=277.3  div=0  11.8s
[sbc] r= 356  n=  24  L=127  raw=508  minESS=288.2  div=0  15.1s
[sbc] r= 357  n=  77  L=127  raw=508  minESS=281.0  div=0  13.2s
[sbc] r= 358  n= 341  L=127  raw=508  minESS=200.5  div=0  15.8s
[sbc] r= 359  n= 329  L=127  raw=508  minESS=230.1  div=0  16.3s
[sbc] r= 360  n= 270  L=127  raw=508  minESS=269.0  div=0  10.5s
[sbc] r= 361  n=  71  L=127  raw=508  minESS=231.0  div=0  10.6s
[sbc] r= 362  n= 427  L=127  raw=508  minESS=247.7  div=0  9.3s
[sbc] r= 363  n=  77  L=127  raw=508  minESS=255.7  div=0  6.4s
[sbc] r= 364  n= 383  L=127  raw=508  minESS=285.0  div=0  7.8s
[sbc] r= 365  n=  61  L=127  raw=508  minESS=311.1  div=0  5.6s
[sbc] r= 366  n= 329  L=127  raw=508  minESS=259.4  div=0  8.0s
[sbc] r= 367  n= 139  L=127  raw=508  minESS=279.4  div=0  7.6s
[sbc] r= 368  n=  14  L=127  raw=508  minESS=279.2  div=0  6.5s
[sbc] r= 369  n= 202  L=127  raw=508  minESS=244.5  div=0  14.6s
[sbc] r= 370  n=  56  L=127  raw=508  minESS=244.8  div=0  9.1s
[sbc] r= 371  n= 207  L=127  raw=508  minESS=273.4  div=0  7.8s
[sbc] r= 372  n= 236  L=127  raw=508  minESS=280.5  div=0  6.0s
[sbc] r= 373  n= 120  L=127  raw=508  minESS=280.1  div=0  8.1s
[sbc] r= 374  n=  91  L=127  raw=508  minESS=234.5  div=0  6.2s
[sbc] r= 375  n= 104  L=127  raw=508  minESS=254.3  div=0  6.5s
[sbc] r= 376  n= 616  L=127  raw=508  minESS=203.4  div=0  10.9s
[sbc] r= 377  n=  70  L=127  raw=508  minESS=285.0  div=0  11.0s
[sbc] r= 378  n= 174  L=127  raw=508  minESS=239.2  div=0  9.5s
[sbc] r= 379  n= 354  L=127  raw=508  minESS=337.0  div=0  10.4s
[sbc] r= 380  n=  31  L=127  raw=508  minESS=240.8  div=0  10.6s
[sbc] r= 381  n=  26  L=127  raw=508  minESS=211.7  div=0  7.6s
[sbc] r= 382  n= 111  L=127  raw=508  minESS=240.4  div=0  14.7s
[sbc] r= 383  n= 107  L=127  raw=508  minESS=294.2  div=0  8.3s
[sbc] r= 384  n=  25  L=127  raw=508  minESS=204.1  div=0  8.2s
[sbc] r= 385  n= 334  L=127  raw=508  minESS=278.3  div=0  9.8s
[sbc] r= 386  n=  48  L=127  raw=508  minESS=324.2  div=0  9.4s
[sbc] r= 387  n=  73  L=127  raw=508  minESS=248.1  div=0  8.7s
[sbc] r= 388  n=  19  L=127  raw=508  minESS=251.5  div=0  10.1s
[sbc] r= 389  n= 320  L=127  raw=508  minESS=232.5  div=0  9.3s
[sbc] r= 390  n= 204  L=127  raw=508  minESS=232.1  div=0  7.7s
[sbc] r= 391  n= 133  L=127  raw=508  minESS=179.7  div=0  8.6s
[sbc] r= 392  n= 354  L=127  raw=508  minESS=311.6  div=0  12.2s
[sbc] r= 393  n= 704  L=127  raw=508  minESS=263.1  div=0  22.5s
[sbc] r= 394  n= 142  L=127  raw=508  minESS=241.0  div=0  16.3s
[sbc] r= 395  n=  49  L=127  raw=508  minESS=159.7  div=0  14.2s
[sbc] r= 396  n= 142  L=127  raw=508  minESS=301.1  div=0  14.0s
[sbc] r= 397  n=1100  L=127  raw=508  minESS=280.1  div=0  18.4s
[sbc] r= 398  n=  34  L=127  raw=508  minESS=229.6  div=0  13.7s
[sbc] r= 399  n=  27  L=127  raw=508  minESS=247.6  div=0  11.5s
[sbc] r= 400  n=  77  L=127  raw=508  minESS=289.2  div=0  11.4s
[sbc] r= 401  n= 154  L=127  raw=508  minESS=163.9  div=0  12.7s
[sbc] r= 402  n= 244  L=127  raw=508  minESS=234.3  div=0  16.5s
[sbc] r= 403  n= 115  L=127  raw=508  minESS=212.7  div=0  16.8s
[sbc] r= 404  n=  96  L=127  raw=508  minESS=196.2  div=0  14.0s
[sbc] r= 405  n=  50  L=127  raw=508  minESS=304.3  div=0  14.0s
[sbc] r= 406  n=  33  L=127  raw=508  minESS=266.3  div=0  15.6s
[sbc] r= 407  n= 175  L=127  raw=508  minESS=226.3  div=0  15.7s
[sbc] r= 408  n=  89  L=127  raw=508  minESS=224.9  div=0  15.7s
[sbc] r= 409  n= 184  L=127  raw=508  minESS=130.0  div=0  15.0s
[sbc] r= 410  n=  30  L=127  raw=508  minESS=299.6  div=0  12.3s
[sbc] r= 411  n=  52  L=127  raw=508  minESS=279.4  div=0  13.1s
[sbc] r= 412  n= 191  L=127  raw=508  minESS=197.5  div=0  15.6s
[sbc] r= 413  n= 204  L=127  raw=508  minESS=226.2  div=0  30.7s
[sbc] r= 414  n= 423  L=127  raw=508  minESS=241.1  div=0  16.1s
[sbc] r= 415  n=  55  L=127  raw=508  minESS=232.2  div=0  12.8s
[sbc] r= 416  n=  92  L=127  raw=508  minESS=296.4  div=0  13.7s
[sbc] r= 417  n=  93  L=127  raw=508  minESS=261.2  div=0  15.6s
[sbc] r= 418  n=  27  L=127  raw=508  minESS=293.0  div=0  12.1s
[sbc] r= 419  n=  29  L=127  raw=508  minESS=206.2  div=0  15.7s
[sbc] r= 420  n= 672  L=127  raw=508  minESS=213.6  div=0  17.1s
[sbc] r= 421  n= 421  L=127  raw=508  minESS=226.7  div=0  16.6s
[sbc] r= 422  n= 184  L=127  raw=508  minESS=245.4  div=0  13.3s
[sbc] r= 423  n=  42  L=127  raw=508  minESS=261.2  div=0  13.5s
[sbc] r= 424  n= 104  L=127  raw=508  minESS=215.1  div=0  12.9s
[sbc] r= 425  n=  35  L=127  raw=508  minESS=242.0  div=0  12.9s
[sbc] r= 426  n= 741  L=127  raw=508  minESS=278.4  div=0  16.7s
[sbc] r= 427  n=  72  L=127  raw=508  minESS=273.9  div=0  14.4s
[sbc] r= 428  n=  79  L=127  raw=508  minESS=286.5  div=0  13.5s
[sbc] r= 429  n= 292  L=127  raw=508  minESS=182.7  div=0  15.7s
[sbc] r= 430  n= 121  L=127  raw=508  minESS=185.6  div=0  12.9s
[sbc] r= 431  n= 125  L=127  raw=508  minESS=264.6  div=0  12.6s
[sbc] r= 432  n= 147  L=127  raw=508  minESS=247.7  div=0  14.4s
[sbc] r= 433  n= 187  L=127  raw=508  minESS=258.9  div=0  15.6s
[sbc] r= 434  n= 335  L=127  raw=508  minESS=309.4  div=0  16.7s
[sbc] r= 435  n=  34  L=127  raw=508  minESS=287.2  div=0  12.0s
[sbc] r= 436  n= 385  L=127  raw=508  minESS=314.9  div=0  16.4s
[sbc] r= 437  n= 284  L=127  raw=508  minESS=305.4  div=0  19.9s
[sbc] r= 438  n=  79  L=127  raw=508  minESS=312.8  div=0  16.0s
[sbc] r= 439  n= 211  L=127  raw=508  minESS=297.6  div=0  16.6s
[sbc] r= 440  n= 149  L=127  raw=508  minESS=221.0  div=0  15.6s
[sbc] r= 441  n=  77  L=127  raw=508  minESS=294.6  div=0  14.1s
[sbc] r= 442  n=  34  L=127  raw=508  minESS=280.7  div=0  15.5s
[sbc] r= 443  n= 150  L=127  raw=508  minESS=247.2  div=0  17.0s
[sbc] r= 444  n= 287  L=127  raw=508  minESS=359.8  div=0  17.1s
[sbc] r= 445  n= 127  L=127  raw=508  minESS=220.2  div=0  15.1s
[sbc] r= 446  n= 346  L=127  raw=508  minESS=282.2  div=0  17.8s
[sbc] r= 447  n=  78  L=127  raw=508  minESS=232.2  div=0  13.3s
[sbc] r= 448  n= 436  L=127  raw=508  minESS=245.5  div=0  14.7s
[sbc] r= 449  n=  24  L=127  raw=508  minESS=206.0  div=0  12.3s
[sbc] r= 450  n= 180  L=127  raw=508  minESS=189.5  div=0  15.5s
[sbc] r= 451  n= 209  L=127  raw=508  minESS=232.5  div=0  15.3s
[sbc] r= 452  n= 153  L=127  raw=508  minESS=277.2  div=0  16.1s
[sbc] r= 453  n= 208  L=127  raw=508  minESS=216.2  div=0  15.8s
[sbc] r= 454  n= 108  L=127  raw=508  minESS=285.0  div=0  13.3s
[sbc] r= 455  n=  25  L=127  raw=508  minESS=244.7  div=0  12.2s
[sbc] r= 456  n= 346  L=127  raw=508  minESS=244.5  div=0  13.6s
[sbc] r= 457  n= 256  L=127  raw=508  minESS=261.2  div=0  16.0s
[sbc] r= 458  n=  29  L=127  raw=508  minESS=317.9  div=0  12.6s
[sbc] r= 459  n= 142  L=127  raw=508  minESS=306.4  div=0  12.8s
[sbc] r= 460  n= 136  L=127  raw=508  minESS=299.9  div=0  15.5s
[sbc] r= 461  n=  57  L=127  raw=508  minESS=281.0  div=0  32.5s
[sbc] r= 462  n=  67  L=127  raw=508  minESS=292.3  div=0  16.4s
[sbc] r= 463  n= 214  L=127  raw=508  minESS=256.1  div=0  16.3s
[sbc] r= 464  n= 185  L=127  raw=508  minESS=272.6  div=0  16.1s
[sbc] r= 465  n=  59  L=127  raw=508  minESS=249.0  div=0  15.6s
[sbc] r= 466  n=  63  L=127  raw=508  minESS=251.8  div=0  13.1s
[sbc] r= 467  n=  49  L=127  raw=508  minESS=232.4  div=0  12.9s
[sbc] r= 468  n= 502  L=127  raw=508  minESS=227.0  div=0  17.0s
[sbc] r= 469  n= 131  L=127  raw=508  minESS=219.9  div=0  16.5s
[sbc] r= 470  n= 132  L=127  raw=508  minESS=252.7  div=0  13.5s
[sbc] r= 471  n=1495  L=127  raw=508  minESS=234.7  div=0  18.9s
[sbc] r= 472  n=  66  L=127  raw=508  minESS=285.0  div=0  13.5s
[sbc] r= 473  n=  58  L=127  raw=508  minESS=238.5  div=0  13.1s
[sbc] r= 474  n= 778  L=127  raw=508  minESS=221.4  div=0  16.9s
[sbc] r= 475  n=  43  L=127  raw=508  minESS=229.5  div=0  13.1s
[sbc] r= 476  n= 481  L=127  raw=508  minESS=257.7  div=0  16.4s
[sbc] r= 477  n= 314  L=127  raw=508  minESS=227.8  div=0  17.3s
[sbc] r= 478  n=  87  L=127  raw=508  minESS=254.0  div=0  13.4s
[sbc] r= 479  n= 303  L=127  raw=508  minESS=223.8  div=0  16.5s
[sbc] r= 480  n= 202  L=127  raw=508  minESS=247.9  div=0  13.6s
[sbc] r= 481  n= 120  L=127  raw=508  minESS=303.8  div=0  13.0s
[sbc] r= 482  n= 261  L=127  raw=508  minESS=235.6  div=0  16.8s
[sbc] r= 483  n=  70  L=127  raw=508  minESS=227.3  div=0  13.4s
[sbc] r= 484  n= 171  L=127  raw=508  minESS=217.0  div=0  14.3s
[sbc] r= 485  n= 154  L=127  raw=508  minESS=281.6  div=0  13.2s
[sbc] r= 486  n=  30  L=127  raw=508  minESS=268.1  div=0  13.1s
[sbc] r= 487  n= 106  L=127  raw=508  minESS=206.8  div=0  15.2s
[sbc] r= 488  n=  12  L=127  raw=508  minESS=281.0  div=0  7.3s
[sbc] r= 489  n=  38  L=127  raw=508  minESS=313.5  div=0  7.5s
[sbc] r= 490  n=  81  L=127  raw=508  minESS=261.2  div=0  10.4s
[sbc] r= 491  n= 135  L=127  raw=508  minESS=330.0  div=0  8.7s
[sbc] r= 492  n= 217  L=127  raw=508  minESS=263.5  div=0  13.3s
[sbc] r= 493  n= 280  L=127  raw=508  minESS=228.5  div=0  12.3s
[sbc] r= 494  n= 177  L=127  raw=508  minESS=224.6  div=0  15.0s
[sbc] r= 495  n= 195  L=127  raw=508  minESS=291.1  div=0  10.8s
[sbc] r= 496  n=  82  L=127  raw=508  minESS=263.2  div=0  14.0s
[sbc] r= 497  n=  32  L=127  raw=508  minESS=257.3  div=0  11.9s
[sbc] r= 498  n=  17  L=127  raw=508  minESS=256.9  div=0  13.4s
[sbc] r= 499  n=  22  L=127  raw=508  minESS=252.6  div=0  9.4s
[sbc] r= 500  n= 116  L=127  raw=508  minESS=177.9  div=0  19.4s
[sbc] r= 501  n=  37  L=127  raw=508  minESS=243.5  div=0  16.1s
[sbc] r= 502  n= 139  L=127  raw=508  minESS=303.2  div=0  18.8s
[sbc] r= 503  n= 216  L=127  raw=508  minESS=276.7  div=0  26.0s
[sbc] r= 504  n=  30  L=127  raw=508  minESS=207.4  div=0  14.8s
[sbc] r= 505  n= 173  L=127  raw=508  minESS=250.5  div=0  19.0s
[sbc] r= 506  n=  98  L=127  raw=508  minESS=227.1  div=0  19.4s
[sbc] r= 507  n=  63  L=127  raw=508  minESS=178.3  div=0  20.4s
[sbc] r= 508  n= 217  L=127  raw=508  minESS=293.3  div=0  16.0s
[sbc] r= 509  n= 184  L=127  raw=508  minESS=241.2  div=0  15.2s
[sbc] r= 510  n= 157  L=127  raw=508  minESS=259.6  div=0  15.0s
[sbc] r= 511  n= 338  L=127  raw=508  minESS=262.4  div=0  16.1s
[sbc] r= 512  n=1061  L=127  raw=508  minESS=250.0  div=0  20.2s
[sbc] r= 513  n=  47  L=127  raw=508  minESS=313.5  div=0  15.0s
[sbc] r= 514  n=  65  L=127  raw=508  minESS=269.6  div=0  49.9s
[sbc] r= 515  n= 292  L=127  raw=508  minESS=253.6  div=0  15.5s
[sbc] r= 516  n=  72  L=127  raw=508  minESS=272.7  div=0  14.1s
[sbc] r= 517  n= 573  L=127  raw=508  minESS=232.9  div=0  19.4s
[sbc] r= 518  n= 101  L=127  raw=508  minESS=311.1  div=0  15.2s
[sbc] r= 519  n=  74  L=127  raw=508  minESS=246.5  div=0  15.6s
[sbc] r= 520  n= 300  L=127  raw=508  minESS=230.2  div=0  17.8s
[sbc] r= 521  n=  63  L=127  raw=508  minESS=213.9  div=0  13.9s
[sbc] r= 522  n= 292  L=127  raw=508  minESS=277.7  div=0  15.2s
[sbc] r= 523  n=  58  L=127  raw=508  minESS=318.8  div=0  14.7s
[sbc] r= 524  n=  73  L=127  raw=508  minESS=275.1  div=0  15.1s
[sbc] r= 525  n=  45  L=127  raw=508  minESS=279.1  div=0  14.6s
[sbc] r= 526  n= 142  L=127  raw=508  minESS=281.9  div=0  14.7s
[sbc] r= 527  n=  57  L=127  raw=508  minESS=272.3  div=0  14.9s
[sbc] r= 528  n= 239  L=127  raw=508  minESS=278.1  div=0  18.0s
[sbc] r= 529  n= 453  L=127  raw=508  minESS=221.7  div=0  17.8s
[sbc] r= 530  n= 102  L=127  raw=508  minESS=248.6  div=0  16.1s
[sbc] r= 531  n= 165  L=127  raw=508  minESS=214.0  div=0  18.6s
[sbc] r= 532  n= 230  L=127  raw=508  minESS=210.8  div=0  23.2s
[sbc] r= 533  n=  52  L=127  raw=508  minESS=281.2  div=0  32.8s
[sbc] r= 534  n= 289  L=127  raw=508  minESS=260.5  div=0  15.7s
[sbc] r= 535  n= 236  L=127  raw=508  minESS=152.2  div=0  15.7s
[sbc] r= 536  n= 347  L=127  raw=508  minESS=194.7  div=0  15.1s
[sbc] r= 537  n= 105  L=127  raw=508  minESS=265.3  div=0  13.8s
[sbc] r= 538  n= 110  L=127  raw=508  minESS=313.5  div=0  14.2s
[sbc] r= 539  n=  64  L=127  raw=508  minESS=213.5  div=0  13.9s
[sbc] r= 540  n= 123  L=127  raw=508  minESS=278.5  div=0  12.4s
[sbc] r= 541  n= 118  L=127  raw=508  minESS=257.9  div=0  10.4s
[sbc] r= 542  n=  46  L=127  raw=508  minESS=176.3  div=0  10.2s
[sbc] r= 543  n= 137  L=127  raw=508  minESS=254.8  div=0  10.6s
[sbc] r= 544  n= 106  L=127  raw=508  minESS=262.4  div=0  11.1s
[sbc] r= 545  n=  96  L=127  raw=508  minESS=282.3  div=0  11.3s
[sbc] r= 546  n= 505  L=127  raw=508  minESS=273.5  div=0  12.9s
[sbc] r= 547  n= 385  L=127  raw=508  minESS=273.2  div=0  15.7s
[sbc] r= 548  n=  57  L=127  raw=508  minESS=218.8  div=0  13.4s
[sbc] r= 549  n=  81  L=127  raw=508  minESS=278.3  div=0  13.7s
[sbc] r= 550  n= 139  L=127  raw=508  minESS=215.3  div=0  14.5s
[sbc] r= 551  n=  90  L=127  raw=508  minESS=259.8  div=0  14.2s
[sbc] r= 552  n= 555  L=127  raw=508  minESS=315.2  div=0  15.1s
[sbc] r= 553  n= 165  L=127  raw=508  minESS=258.8  div=0  14.4s
[sbc] r= 554  n= 433  L=127  raw=508  minESS=250.4  div=0  15.5s
[sbc] r= 555  n= 455  L=127  raw=508  minESS=250.0  div=0  14.6s
[sbc] r= 556  n=  85  L=127  raw=508  minESS=235.5  div=0  14.3s
[sbc] r= 557  n= 115  L=127  raw=508  minESS=252.3  div=0  14.4s
[sbc] r= 558  n= 128  L=127  raw=508  minESS=211.7  div=0  13.9s
[sbc] r= 559  n= 143  L=127  raw=508  minESS=280.1  div=0  14.4s
[sbc] r= 560  n= 662  L=127  raw=508  minESS=196.4  div=0  15.0s
[sbc] r= 561  n=  70  L=127  raw=508  minESS=318.7  div=0  14.0s
[sbc] r= 562  n= 193  L=127  raw=508  minESS=287.5  div=0  14.5s
[sbc] r= 563  n= 588  L=127  raw=508  minESS=194.8  div=0  14.8s
[sbc] r= 564  n= 704  L=127  raw=508  minESS=222.1  div=0  14.9s
[sbc] r= 565  n=  90  L=127  raw=508  minESS=302.5  div=0  12.5s
[sbc] r= 566  n= 173  L=127  raw=508  minESS=261.2  div=0  14.1s
[sbc] r= 567  n= 112  L=127  raw=508  minESS=294.2  div=0  14.5s
[sbc] r= 568  n=  45  L=127  raw=508  minESS=260.1  div=0  14.1s
[sbc] r= 569  n= 166  L=127  raw=508  minESS=209.0  div=0  14.3s
[sbc] r= 570  n= 166  L=127  raw=508  minESS=190.6  div=0  13.0s
[sbc] r= 571  n=  40  L=127  raw=508  minESS=268.9  div=0  13.9s
[sbc] r= 572  n=  57  L=127  raw=508  minESS=255.5  div=0  12.9s
[sbc] r= 573  n=  44  L=127  raw=508  minESS=255.1  div=0  12.9s
[sbc] r= 574  n=  95  L=127  raw=508  minESS=317.2  div=0  14.7s
[sbc] r= 575  n= 109  L=127  raw=508  minESS=270.8  div=0  14.5s
[sbc] r= 576  n=  48  L=127  raw=508  minESS=280.9  div=0  14.3s
[sbc] r= 577  n=  63  L=127  raw=508  minESS=235.4  div=0  14.1s
[sbc] r= 578  n= 131  L=127  raw=508  minESS=211.7  div=0  13.6s
[sbc] r= 579  n= 129  L=127  raw=508  minESS=246.7  div=0  12.1s
[sbc] r= 580  n= 414  L=127  raw=508  minESS=206.3  div=0  12.8s
[sbc] r= 581  n=  42  L=127  raw=508  minESS=244.5  div=0  12.9s
[sbc] r= 582  n= 286  L=127  raw=508  minESS=269.4  div=0  12.4s
[sbc] r= 583  n= 135  L=127  raw=508  minESS=212.1  div=0  11.8s
[sbc] r= 584  n=  66  L=127  raw=508  minESS=178.9  div=0  11.8s
[sbc] r= 585  n=  71  L=127  raw=508  minESS=255.8  div=0  13.4s
[sbc] r= 586  n= 109  L=127  raw=508  minESS=281.0  div=0  10.7s
[sbc] r= 587  n=  35  L=127  raw=508  minESS=309.4  div=0  11.9s
[sbc] r= 588  n= 358  L=127  raw=508  minESS=176.6  div=0  13.2s
[sbc] r= 589  ESS retry attempt 0: minESS=81.6 < 120.6; num_samples 508 -> 1016
[sbc] r= 589  n=  77  L=127  raw=1016  minESS=599.3  div=0  26.4s  attempts=2
[sbc] r= 590  n=  57  L=127  raw=508  minESS=279.2  div=0  11.2s
[sbc] r= 591  n= 157  L=127  raw=508  minESS=285.8  div=0  11.9s
[sbc] r= 592  n= 645  L=127  raw=508  minESS=169.6  div=0  13.0s
[sbc] r= 593  n=  68  L=127  raw=508  minESS=201.5  div=0  12.6s
[sbc] r= 594  n= 157  L=127  raw=508  minESS=229.6  div=0  11.4s
[sbc] r= 595  n= 346  L=127  raw=508  minESS=183.2  div=0  12.4s
[sbc] r= 596  n= 516  L=127  raw=508  minESS=258.4  div=0  13.3s
[sbc] r= 597  n= 610  L=127  raw=508  minESS=299.3  div=0  14.7s
[sbc] r= 598  n=  40  L=127  raw=508  minESS=308.0  div=0  10.7s
[sbc] r= 599  n= 548  L=127  raw=508  minESS=242.3  div=0  13.2s
[sbc] complete: 600 replicates on disk (67 new). Run `python scripts/sbc.py report --out-dir results\sbc_stage2p` next.
