........................................................................ [ 11%]
........................................................................ [ 23%]
........................................................................ [ 35%]
.........................x.............................................. [ 46%]
........................................................................ [ 58%]
............................F........................................... [ 70%]
........................................................................ [ 82%]
........................................................................ [ 93%]
................s....................                                    [100%]
================================== FAILURES ===================================
___________ test_corpus_is_one_content_group_equal_to_the_baseline ____________

    def test_corpus_is_one_content_group_equal_to_the_baseline():
        """THE EXPIRY GATE. Red here means the property has lapsed, not that the
    
        pins have drifted -- pin_compare.py is what says that.
        """
        code, out = _run()
        distinct = int(_value(out, "DISTINCT_CANONICAL_HASHES"))
>       assert distinct == 1, (
            f"the pin candidate corpus now holds {distinct} distinct content "
            "groups. A-38's retroactive rescue of the 24 historical PIN_DIFFS 0 "
            "claims covered only a corpus with ONE group, so from this commit "
            "forward it applies only to commits before this one. Re-baseline and "
            "record the expiry. If this is OP-24's polygon-mode pin, it is the "
            "expected trigger and the correct response is still to record it.")
E       AssertionError: the pin candidate corpus now holds 2 distinct content groups. A-38's retroactive rescue of the 24 historical PIN_DIFFS 0 claims covered only a corpus with ONE group, so from this commit forward it applies only to commits before this one. Re-baseline and record the expiry. If this is OP-24's polygon-mode pin, it is the expected trigger and the correct response is still to record it.
E       assert 2 == 1

tests\test_pin_corpus_identity.py:55: AssertionError
============================== warnings summary ===============================
tests/test_caller_state_ownership.py::test_run_mcmc_with_key_does_not_touch_np_random
  C:\Users\Terhi\dev\BSTPP_terhi\BSTPP-refactor\bstpp\main.py:674: UserWarning: Skipping MCMC print_summary: retained per-chain sample count (2) is below NumPyro's diagnostic minimum of 4 (split Gelman-Rubin). Samples are preserved; increase num_samples or decrease thinning for a summary.
    self.mcmc = run_mcmc(rng_key_post, self.model, self.args)

tests/test_heldout_polygon_mass.py::test_heldout_cov_ind_length_validated
  C:\Users\Terhi\dev\BSTPP_terhi\BSTPP-refactor\bstpp\main.py:2022: UserWarning: BSTPP data-contract violations detected (report mode; these are rejected under the default data_contracts='reject'):
  BSTPP data-contract report: 1 violation check(s), 0 diagnostic(s) over 4 events (mode=report).
    VIOLATION covariate_gap: the covariate layer leaves 50.0000% of the model domain A uncovered (legacy behavior: silent zero-valued covariate region); geometry exported
    super().__init__(name, data, A, T, **kwargs)

tests/test_ingestion_contract.py::test_geographic_crs_contract_warning_is_nonvacuous
  C:\Users\Terhi\dev\BSTPP_terhi\BSTPP-refactor\bstpp\preparation.py:332: UserWarning: Geometry is in a geographic CRS. Results from 'area' are likely incorrect. Use 'GeoSeries.to_crs()' to re-project geometries to a projected CRS before this operation.
  
    clipped['area'] = clipped.area / rect_area

-- Docs: https://docs.pytest.org/en/stable/how-to/capture-warnings.html
=========================== short test summary info ===========================
FAILED tests/test_pin_corpus_identity.py::test_corpus_is_one_content_group_equal_to_the_baseline
1 failed, 610 passed, 1 skipped, 12 deselected, 1 xfailed, 3 warnings in 551.30s (0:09:11)
PYTEST_FAST_EXIT:0  
