........................................................................ [ 11%]
........................................................................ [ 22%]
..................................F..................................... [ 33%]
...........................................x............................ [ 45%]
........................................................................ [ 56%]
........................................................................ [ 67%]
........................................................................ [ 79%]
........................................................................ [ 90%]
........................................s....................            [100%]
================================== FAILURES ===================================
____________ test_simulate_fully_reproducible_with_generator[cox] _____________

cox = 'cox'

    @pytest.mark.parametrize("cox", [False, "cox"])
    def test_simulate_fully_reproducible_with_generator(cox):
        """RNG unification: one Generator drives every draw, so two simulate()
        calls with identically seeded fresh Generators are byte-identical --
        including the pure-Hawkes background path, whose sample_points draw was
        historically unseeded. (rng=None preserves the legacy behavior.)"""
        if cox == "cox" and not os.path.isfile(_SEASONAL_DECODER):
            pytest.skip("seasonal decoder artifact absent")
>       model = Hawkes_Model(DATA, A_GDF, T_DAYS, cox_background=cox,
                             excitation_support="rectangle", **PRIORS)

tests\test_identities.py:641: 
_ _ _ _ _ _ _ _ _ _ _ _ _ _ _ _ _ _ _ _ _ _ _ _ _ _ _ _ _ _ _ _ _ _ _ _ _ _ _ _
bstpp\main.py:2003: in __init__
    validate_cox_background(cox_background)
bstpp\config.py:372: in validate_cox_background
    raise_cox_background_violation(cox_background=cox_background)
_ _ _ _ _ _ _ _ _ _ _ _ _ _ _ _ _ _ _ _ _ _ _ _ _ _ _ _ _ _ _ _ _ _ _ _ _ _ _ _

cox_background = 'cox', remediation = ''

    def raise_cox_background_violation(
        *, cox_background: object, remediation: str = "") -> NoReturn:
        """Raise the single identity for the ``cox_background`` type invariant.
    
        ``ValueError`` for the same reason ``standardize_cov`` uses one: the
        quantity belongs to ``ModelConfig``, which has not landed, and borrowing
        ``NumericalConfigError`` would assert an ownership D-40 has not assigned.
        """
        msg = cox_background_invariant_clause(cox_background=cox_background)
        if remediation:
            msg = f"{msg} {remediation}"
>       raise ValueError(msg)
E       ValueError: cox_background selects the background form and must be a bool (True = Gaussian-process background, False = plain hawkes); use cox_background=True for the same model; got 'cox'

bstpp\config.py:343: ValueError
============================== warnings summary ===============================
tests/test_caller_state_ownership.py::test_run_mcmc_with_key_does_not_touch_np_random
  C:\Users\Terhi\dev\BSTPP_terhi\BSTPP-refactor\bstpp\main.py:675: UserWarning: Skipping MCMC print_summary: retained per-chain sample count (2) is below NumPyro's diagnostic minimum of 4 (split Gelman-Rubin). Samples are preserved; increase num_samples or decrease thinning for a summary.
    self.mcmc = run_mcmc(rng_key_post, self.model, self.args)

tests/test_heldout_polygon_mass.py::test_heldout_cov_ind_length_validated
  C:\Users\Terhi\dev\BSTPP_terhi\BSTPP-refactor\bstpp\main.py:2034: UserWarning: BSTPP data-contract violations detected (report mode; these are rejected under the default data_contracts='reject'):
  BSTPP data-contract report: 1 violation check(s), 0 diagnostic(s) over 4 events (mode=report).
    VIOLATION covariate_gap: the covariate layer leaves 50.0000% of the model domain A uncovered (legacy behavior: silent zero-valued covariate region); geometry exported
    super().__init__(name, data, A, T, **kwargs)

tests/test_ingestion_contract.py::test_geographic_crs_contract_warning_is_nonvacuous
  C:\Users\Terhi\dev\BSTPP_terhi\BSTPP-refactor\bstpp\preparation.py:332: UserWarning: Geometry is in a geographic CRS. Results from 'area' are likely incorrect. Use 'GeoSeries.to_crs()' to re-project geometries to a projected CRS before this operation.
  
    clipped['area'] = clipped.area / rect_area

-- Docs: https://docs.pytest.org/en/stable/how-to/capture-warnings.html
=========================== short test summary info ===========================
FAILED tests/test_identities.py::test_simulate_fully_reproducible_with_generator[cox]
1 failed, 634 passed, 1 skipped, 12 deselected, 1 xfailed, 3 warnings in 636.13s (0:10:36)
PYTEST_FAST_EXIT:1
