COLUMN1_COUNT 8
COL1: Prep (freeze)
COL1: 3a
COL1: 3b
COL1: 3c
COL1: 3d
COL1: 3e
COL1: 3f
COL1: 3g / exit

LONGTABLE FIELD COUNTS
  line   137: 2 cols, 5 body rows -> OK
  line   174: 2 cols, 7 body rows -> OK
  line   325: 4 cols, 7 body rows -> OK
  line   360: 2 cols, 8 body rows -> OK
  line   385: 3 cols, 9 body rows -> OK
  line   414: 2 cols, 6 body rows -> OK
  line   439: 3 cols, 4 body rows -> OK
  line   463: 8 cols, 5 body rows -> OK
  line   533: 3 cols, 8 body rows -> OK
  line   562: 3 cols, 3 body rows -> OK
  line   585: 3 cols, 3 body rows -> OK
  line   608: 3 cols, 3 body rows -> OK
  line   631: 3 cols, 4 body rows -> OK
  line   655: 3 cols, 5 body rows -> OK
  line   680: 3 cols, 6 body rows -> OK
  line   706: 3 cols, 4 body rows -> OK
  line   730: 3 cols, 5 body rows -> OK
  line   755: 3 cols, 7 body rows -> OK
  line   782: 3 cols, 6 body rows -> OK
  line   808: 3 cols, 3 body rows -> OK
  line   831: 3 cols, 3 body rows -> OK
  line   854: 3 cols, 4 body rows -> OK
  line   878: 3 cols, 3 body rows -> OK
  line   985: 2 cols, 10 body rows -> OK
  line  1014: 3 cols, 23 body rows -> OK
  line  1059: 4 cols, 52 body rows -> OK
  line  1197: 3 cols, 10 body rows -> OK
  line  1281: 3 cols, 6 body rows -> OK
  line  1345: 3 cols, 5 body rows -> OK
  line  1483: 13 cols, 9 body rows -> OK
  line  1542: 4 cols, 2 body rows -> OK
  line  1663: 3 cols, 15 body rows -> OK
  line  1738: 7 cols, 30 body rows -> OK
  line  1837: 3 cols, 28 body rows -> OK
  line  1940: 4 cols, 29 body rows -> OK
  line  2264: 5 cols, 7 body rows -> OK
  line  2722: 4 cols, 11 body rows -> OK
  line  2751: 3 cols, 11 body rows -> OK
  line  2778: 5 cols, 12 body rows -> OK

PART I DECISION-ROW MONOTONICITY
  51 decision rows: D-1 .. D-51
  strictly increasing, no duplicates, no gaps -> OK

CHECK 4 -- prose vs table (OP-29)
  amendments declare OPENS : 12  ['OP-19', 'OP-20', 'OP-21', 'OP-22', 'OP-24', 'OP-25', 'OP-26', 'OP-27', 'OP-28', 'OP-29', 'OP-30', 'OP-31']
  amendments declare CLOSES: 5  ['OP-17', 'OP-20', 'OP-22', 'OP-24', 'OP-31']
  items with a §11 row     : 25
  4a opened-with-no-row    : none
  4b closed-but-row-unmarked: none
  4c cited-with-no-row      : ['D-52']
  work packages with entries: 10  ['WP1', 'WP2', 'WP3', 'WP4', 'WP5', 'WP6', 'WP7', 'WP8', 'WP9', 'WP10']
  4d routed-to-no-entry     : none

KNOWN-PREEXISTING 1  (frozen Part I; reported, not suppressed)
  longtable at line 414: row has 1 fields, expected 2: 'same suite command/result as §1.2.1; artifact \\texttt{freeze-476c2a0/f'

FAIL 1
  4c decision cited with no §8 row: D-52
GATE_SHELL_EXIT:1
