S1.1 RED capture: tests/test_model_config.py against the PRE-CHANGE tree
tree: S1.0 tip abe0f8b, bstpp/ untouched
command: JAX_PLATFORM_NAME=cpu MPLBACKEND=Agg $PY -m pytest tests/test_model_config.py -q
----------------------------------------------------------------------

=================================== ERRORS ====================================
_________________ ERROR collecting tests/test_model_config.py _________________
ImportError while importing test module 'C:\Users\Terhi\dev\BSTPP_terhi\BSTPP-refactor\tests\test_model_config.py'.
Hint: make sure your test modules/packages have valid Python names.
Traceback:
..\..\..\miniconda3\envs\illegal-dumping\Lib\importlib\__init__.py:90: in import_module
    return _bootstrap._gcd_import(name[level:], package, level)
           ^^^^^^^^^^^^^^^^^^^^^^^^^^^^^^^^^^^^^^^^^^^^^^^^^^^^
tests\test_model_config.py:41: in <module>
    from bstpp.config import (
E   ImportError: cannot import name 'CONFIG_KEYWORD_OWNERS' from 'bstpp.config' (C:\Users\Terhi\dev\BSTPP_terhi\BSTPP-refactor\bstpp\config.py)
=========================== short test summary info ===========================
ERROR tests/test_model_config.py
!!!!!!!!!!!!!!!!!!! Interrupted: 1 error during collection !!!!!!!!!!!!!!!!!!!!
1 error in 10.70s
----------------------------------------------------------------------
EXIT_STATUS:2   (pytest's own status, captured before any other command)

HONEST LABEL, PER D-41. This red is an ImportError at COLLECTION, which
D-41 calls 'a red that proves nothing' and it is NOT offered as
enforcement evidence. S1.1 relocates three ALREADY-ENFORCED clauses; it
does not add an invariant, so there is no new enforcement to demonstrate
failing. Protocol section 2 covers this case directly: 'Pure structural
extraction does not require a manufactured RED. Characterize the old
behavior before the edit and demonstrate equivalence afterward.'

The characterization is the real evidence and is a SEPARATE artifact:
  refactor-patches/captures/a55_s1_1_pre_change_order.log
It records, against the pre-change tree, which exception wins for every
pair of invalid config arguments. The ordering rows in this test module
assert exactly those readings and are non-discriminating by
construction: they pass on BOTH sides of the change, which is what a BP
relocation has to prove.
