bstpp.__file__ = C:\Users\Terhi\dev\BSTPP_terhi\BSTPP-refactor\bstpp\__init__.py

set_window(spatial_window=60 -> 30) on a rectangle Hawkes model
====================================================================================
field                     changed   before -> after
------------------------------------------------------------------------------------
T                         same      50 -> 50
S                         same      24 -> 24
model                     same      hawkes -> hawkes
offset_seasonal           same      0 -> 0
sp_var_mu                 same      2.0 -> 2.0
A_area                    same      1 -> 1
num_cov                   same      None -> None
prior a_0                 same      <numpyro.distributions.c -> <numpyro.distributions.c
prior alpha               same      <numpyro.distributions.c -> <numpyro.distributions.c
prior beta                same      <numpyro.distributions.c -> <numpyro.distributions.c
prior sigmax_2 type       same      TwoSidedTruncatedDistrib -> TwoSidedTruncatedDistrib
prior sigmax_2 support    same      Interval(lower_bound=25. -> Interval(lower_bound=25.
t_trig par names          same      ('beta',) -> ('beta',)
sp_trig par names         same      ('sigmax_2',) -> ('sigmax_2',)
window                    same      50.0 -> 50.0
spatial_window            CHANGED   60.0 -> 30.0
numerical_config id       same      2662970359728 -> 2662970359728
numerical_config value    same      NumericalConfig(panel_h_ -> NumericalConfig(panel_h_
n excitation pairs        same      None -> None

CHANGED   (1): spatial_window
UNCHANGED (18): T, S, model, offset_seasonal, sp_var_mu, A_area, num_cov, prior a_0, prior alpha, prior beta, prior sigmax_2 type, prior sigmax_2 support, t_trig par names, sp_trig par names, window, numerical_config id, numerical_config value, n excitation pairs

READING: every ModelConfig and PriorConfig candidate is UNCHANGED across
set_window on this path. The mutation exposure for the two WP2 objects is
therefore driven by the SIGMA-BOUND path, not the window path -- so the
discriminating case is a polygon set_window that installs a table, since
that is the only public call that re-resolves sigma bounds.
